[2026-09-24 04:06:07] local.ERROR: could not find driver (Connection: pgsql, Host: 127.0.0.1, Port: 5432, Database: inweb_db, SQL: select exists (select 1 from pg_class c, pg_namespace n where n.nspname = current_schema() and c.relname = 'migrations' and c.relkind in ('r', 'p') and n.oid = c.relnamespace)) {"exception":"[object] (Illuminate\\Database\\QueryException(code: 0): could not find driver (Connection: pgsql, Host: 127.0.0.1, Port: 5432, Database: inweb_db, SQL: select exists (select 1 from pg_class c, pg_namespace n where n.nspname = current_schema() and c.relname = 'migrations' and c.relkind in ('r', 'p') and n.oid = c.relnamespace)) at C:/Users/User/Desktop/WEB PROGRAMMING/Заказ/inweb-test/vendor/laravel/framework/src/Illuminate/Database/Connection.php:857)
[stacktrace]
#0 C:/Users/User/Desktop/WEB PROGRAMMING/Заказ/inweb-test/vendor/laravel/framework/src/Illuminate/Database/Connection.php(813): Illuminate/Database/Connection->runQueryCallback()
#1 C:/Users/User/Desktop/WEB PROGRAMMING/Заказ/inweb-test/vendor/laravel/framework/src/Illuminate/Database/Connection.php(426): Illuminate/Database/Connection->run()
#2 C:/Users/User/Desktop/WEB PROGRAMMING/Заказ/inweb-test/vendor/laravel/framework/src/Illuminate/Database/Connection.php(371): Illuminate/Database/Connection->select()
#3 C:/Users/User/Desktop/WEB PROGRAMMING/Заказ/inweb-test/vendor/laravel/framework/src/Illuminate/Database/Connection.php(388): Illuminate/Database/Connection->selectOne()
#4 C:/Users/User/Desktop/WEB PROGRAMMING/Заказ/inweb-test/vendor/laravel/framework/src/Illuminate/Database/Schema/Builder.php(176): Illuminate/Database/Connection->scalar()
#5 C:/Users/User/Desktop/WEB PROGRAMMING/Заказ/inweb-test/vendor/laravel/framework/src/Illuminate/Database/Migrations/DatabaseMigrationRepository.php(185): Illuminate/Database/Schema/Builder->hasTable()
#6 C:/Users/User/Desktop/WEB PROGRAMMING/Заказ/inweb-test/vendor/laravel/framework/src/Illuminate/Database/Migrations/Migrator.php(797): Illuminate/Database/Migrations/DatabaseMigrationRepository->repositoryExists()
#7 C:/Users/User/Desktop/WEB PROGRAMMING/Заказ/inweb-test/vendor/laravel/framework/src/Illuminate/Database/Console/Migrations/MigrateCommand.php(166): Illuminate/Database/Migrations/Migrator->repositoryExists()
#8 C:/Users/User/Desktop/WEB PROGRAMMING/Заказ/inweb-test/vendor/laravel/framework/src/Illuminate/Support/helpers.php(328): Illuminate/Database/Console/Migrations/MigrateCommand->Illuminate/Database/Console/Migrations/{closure}()
#9 C:/Users/User/Desktop/WEB PROGRAMMING/Заказ/inweb-test/vendor/laravel/framework/src/Illuminate/Database/Console/Migrations/MigrateCommand.php(166): retry()
#10 C:/Users/User/Desktop/WEB PROGRAMMING/Заказ/inweb-test/vendor/laravel/framework/src/Illuminate/Database/Console/Migrations/MigrateCommand.php(142): Illuminate/Database/Console/Migrations/MigrateCommand->repositoryExists()
#11 C:/Users/User/Desktop/WEB PROGRAMMING/Заказ/inweb-test/vendor/laravel/framework/src/Illuminate/Database/Console/Migrations/MigrateCommand.php(112): Illuminate/Database/Console/Migrations/MigrateCommand->prepareDatabase()
#12 C:/Users/User/Desktop/WEB PROGRAMMING/Заказ/inweb-test/vendor/laravel/framework/src/Illuminate/Database/Migrations/Migrator.php(672): Illuminate/Database/Console/Migrations/MigrateCommand->Illuminate/Database/Console/Migrations/{closure}()
#13 C:/Users/User/Desktop/WEB PROGRAMMING/Заказ/inweb-test/vendor/laravel/framework/src/Illuminate/Database/Console/Migrations/MigrateCommand.php(111): Illuminate/Database/Migrations/Migrator->usingConnection()
#14 C:/Users/User/Desktop/WEB PROGRAMMING/Заказ/inweb-test/vendor/laravel/framework/src/Illuminate/Database/Console/Migrations/MigrateCommand.php(90): Illuminate/Database/Console/Migrations/MigrateCommand->runMigrations()
#15 C:/Users/User/Desktop/WEB PROGRAMMING/Заказ/inweb-test/vendor/laravel/framework/src/Illuminate/Container/BoundMethod.php(36): Illuminate/Database/Console/Migrations/MigrateCommand->handle()
#16 C:/Users/User/Desktop/WEB PROGRAMMING/Заказ/inweb-test/vendor/laravel/framework/src/Illuminate/Container/Util.php(43): Illuminate/Container/BoundMethod::Illuminate/Container/{closure}()
#17 C:/Users/User/Desktop/WEB PROGRAMMING/Заказ/inweb-test/vendor/laravel/framework/src/Illuminate/Container/BoundMethod.php(96): Illuminate/Container/Util::unwrapIfClosure()
#18 C:/Users/User/Desktop/WEB PROGRAMMING/Заказ/inweb-test/vendor/laravel/framework/src/Illuminate/Container/BoundMethod.php(35): Illuminate/Container/BoundMethod::callBoundMethod()
#19 C:/Users/User/Desktop/WEB PROGRAMMING/Заказ/inweb-test/vendor/laravel/framework/src/Illuminate/Container/Container.php(803): Illuminate/Container/BoundMethod::call()
#20 C:/Users/User/Desktop/WEB PROGRAMMING/Заказ/inweb-test/vendor/laravel/framework/src/Illuminate/Console/Command.php(292): Illuminate/Container/Container->call()
#21 C:/Users/User/Desktop/WEB PROGRAMMING/Заказ/inweb-test/vendor/symfony/console/Command/Command.php(341): Illuminate/Console/Command->execute()
#22 C:/Users/User/Desktop/WEB PROGRAMMING/Заказ/inweb-test/vendor/laravel/framework/src/Illuminate/Console/Command.php(261): Symfony/Component/Console/Command/Command->run()
#23 C:/Users/User/Desktop/WEB PROGRAMMING/Заказ/inweb-test/vendor/symfony/console/Application.php(1117): Illuminate/Console/Command->run()
#24 C:/Users/User/Desktop/WEB PROGRAMMING/Заказ/inweb-test/vendor/symfony/console/Application.php(356): Symfony/Component/Console/Application->doRunCommand()
#25 C:/Users/User/Desktop/WEB PROGRAMMING/Заказ/inweb-test/vendor/symfony/console/Application.php(195): Symfony/Component/Console/Application->doRun()
#26 C:/Users/User/Desktop/WEB PROGRAMMING/Заказ/inweb-test/vendor/laravel/framework/src/Illuminate/Foundation/Console/Kernel.php(198): Symfony/Component/Console/Application->run()
#27 C:/Users/User/Desktop/WEB PROGRAMMING/Заказ/inweb-test/vendor/laravel/framework/src/Illuminate/Foundation/Application.php(1242): Illuminate/Foundation/Console/Kernel->handle()
#28 C:/Users/User/Desktop/WEB PROGRAMMING/Заказ/inweb-test/artisan(16): Illuminate/Foundation/Application->handleCommand()
#29 {main}

[previous exception] [object] (PDOException(code: 0): could not find driver at C:/Users/User/Desktop/WEB PROGRAMMING/Заказ/inweb-test/vendor/laravel/framework/src/Illuminate/Database/Connectors/Connector.php:66)
[stacktrace]
#0 C:/Users/User/Desktop/WEB PROGRAMMING/Заказ/inweb-test/vendor/laravel/framework/src/Illuminate/Database/Connectors/Connector.php(66): PDO->__construct()
#1 C:/Users/User/Desktop/WEB PROGRAMMING/Заказ/inweb-test/vendor/laravel/framework/src/Illuminate/Database/Connectors/Connector.php(44): Illuminate/Database/Connectors/Connector->createPdoConnection()
#2 C:/Users/User/Desktop/WEB PROGRAMMING/Заказ/inweb-test/vendor/laravel/framework/src/Illuminate/Database/Connectors/PostgresConnector.php(35): Illuminate/Database/Connectors/Connector->createConnection()
#3 C:/Users/User/Desktop/WEB PROGRAMMING/Заказ/inweb-test/vendor/laravel/framework/src/Illuminate/Database/Connectors/ConnectionFactory.php(220): Illuminate/Database/Connectors/PostgresConnector->connect()
#4 [internal function]: Illuminate/Database/Connectors/ConnectionFactory->Illuminate/Database/Connectors/{closure}()
#5 C:/Users/User/Desktop/WEB PROGRAMMING/Заказ/inweb-test/vendor/laravel/framework/src/Illuminate/Database/Connection.php(1298): call_user_func()
#6 C:/Users/User/Desktop/WEB PROGRAMMING/Заказ/inweb-test/vendor/laravel/framework/src/Illuminate/Database/Connection.php(1336): Illuminate/Database/Connection->getPdo()
#7 C:/Users/User/Desktop/WEB PROGRAMMING/Заказ/inweb-test/vendor/laravel/framework/src/Illuminate/Database/Connection.php(542): Illuminate/Database/Connection->getReadPdo()
#8 C:/Users/User/Desktop/WEB PROGRAMMING/Заказ/inweb-test/vendor/laravel/framework/src/Illuminate/Database/Connection.php(435): Illuminate/Database/Connection->getPdoForSelect()
#9 C:/Users/User/Desktop/WEB PROGRAMMING/Заказ/inweb-test/vendor/laravel/framework/src/Illuminate/Database/Connection.php(846): Illuminate/Database/Connection->Illuminate/Database/{closure}()
#10 C:/Users/User/Desktop/WEB PROGRAMMING/Заказ/inweb-test/vendor/laravel/framework/src/Illuminate/Database/Connection.php(813): Illuminate/Database/Connection->runQueryCallback()
#11 C:/Users/User/Desktop/WEB PROGRAMMING/Заказ/inweb-test/vendor/laravel/framework/src/Illuminate/Database/Connection.php(426): Illuminate/Database/Connection->run()
#12 C:/Users/User/Desktop/WEB PROGRAMMING/Заказ/inweb-test/vendor/laravel/framework/src/Illuminate/Database/Connection.php(371): Illuminate/Database/Connection->select()
#13 C:/Users/User/Desktop/WEB PROGRAMMING/Заказ/inweb-test/vendor/laravel/framework/src/Illuminate/Database/Connection.php(388): Illuminate/Database/Connection->selectOne()
#14 C:/Users/User/Desktop/WEB PROGRAMMING/Заказ/inweb-test/vendor/laravel/framework/src/Illuminate/Database/Schema/Builder.php(176): Illuminate/Database/Connection->scalar()
#15 C:/Users/User/Desktop/WEB PROGRAMMING/Заказ/inweb-test/vendor/laravel/framework/src/Illuminate/Database/Migrations/DatabaseMigrationRepository.php(185): Illuminate/Database/Schema/Builder->hasTable()
#16 C:/Users/User/Desktop/WEB PROGRAMMING/Заказ/inweb-test/vendor/laravel/framework/src/Illuminate/Database/Migrations/Migrator.php(797): Illuminate/Database/Migrations/DatabaseMigrationRepository->repositoryExists()
#17 C:/Users/User/Desktop/WEB PROGRAMMING/Заказ/inweb-test/vendor/laravel/framework/src/Illuminate/Database/Console/Migrations/MigrateCommand.php(166): Illuminate/Database/Migrations/Migrator->repositoryExists()
#18 C:/Users/User/Desktop/WEB PROGRAMMING/Заказ/inweb-test/vendor/laravel/framework/src/Illuminate/Support/helpers.php(328): Illuminate/Database/Console/Migrations/MigrateCommand->Illuminate/Database/Console/Migrations/{closure}()
#19 C:/Users/User/Desktop/WEB PROGRAMMING/Заказ/inweb-test/vendor/laravel/framework/src/Illuminate/Database/Console/Migrations/MigrateCommand.php(166): retry()
#20 C:/Users/User/Desktop/WEB PROGRAMMING/Заказ/inweb-test/vendor/laravel/framework/src/Illuminate/Database/Console/Migrations/MigrateCommand.php(142): Illuminate/Database/Console/Migrations/MigrateCommand->repositoryExists()
#21 C:/Users/User/Desktop/WEB PROGRAMMING/Заказ/inweb-test/vendor/laravel/framework/src/Illuminate/Database/Console/Migrations/MigrateCommand.php(112): Illuminate/Database/Console/Migrations/MigrateCommand->prepareDatabase()
#22 C:/Users/User/Desktop/WEB PROGRAMMING/Заказ/inweb-test/vendor/laravel/framework/src/Illuminate/Database/Migrations/Migrator.php(672): Illuminate/Database/Console/Migrations/MigrateCommand->Illuminate/Database/Console/Migrations/{closure}()
#23 C:/Users/User/Desktop/WEB PROGRAMMING/Заказ/inweb-test/vendor/laravel/framework/src/Illuminate/Database/Console/Migrations/MigrateCommand.php(111): Illuminate/Database/Migrations/Migrator->usingConnection()
#24 C:/Users/User/Desktop/WEB PROGRAMMING/Заказ/inweb-test/vendor/laravel/framework/src/Illuminate/Database/Console/Migrations/MigrateCommand.php(90): Illuminate/Database/Console/Migrations/MigrateCommand->runMigrations()
#25 C:/Users/User/Desktop/WEB PROGRAMMING/Заказ/inweb-test/vendor/laravel/framework/src/Illuminate/Container/BoundMethod.php(36): Illuminate/Database/Console/Migrations/MigrateCommand->handle()
#26 C:/Users/User/Desktop/WEB PROGRAMMING/Заказ/inweb-test/vendor/laravel/framework/src/Illuminate/Container/Util.php(43): Illuminate/Container/BoundMethod::Illuminate/Container/{closure}()
#27 C:/Users/User/Desktop/WEB PROGRAMMING/Заказ/inweb-test/vendor/laravel/framework/src/Illuminate/Container/BoundMethod.php(96): Illuminate/Container/Util::unwrapIfClosure()
#28 C:/Users/User/Desktop/WEB PROGRAMMING/Заказ/inweb-test/vendor/laravel/framework/src/Illuminate/Container/BoundMethod.php(35): Illuminate/Container/BoundMethod::callBoundMethod()
#29 C:/Users/User/Desktop/WEB PROGRAMMING/Заказ/inweb-test/vendor/laravel/framework/src/Illuminate/Container/Container.php(803): Illuminate/Container/BoundMethod::call()
#30 C:/Users/User/Desktop/WEB PROGRAMMING/Заказ/inweb-test/vendor/laravel/framework/src/Illuminate/Console/Command.php(292): Illuminate/Container/Container->call()
#31 C:/Users/User/Desktop/WEB PROGRAMMING/Заказ/inweb-test/vendor/symfony/console/Command/Command.php(341): Illuminate/Console/Command->execute()
#32 C:/Users/User/Desktop/WEB PROGRAMMING/Заказ/inweb-test/vendor/laravel/framework/src/Illuminate/Console/Command.php(261): Symfony/Component/Console/Command/Command->run()
#33 C:/Users/User/Desktop/WEB PROGRAMMING/Заказ/inweb-test/vendor/symfony/console/Application.php(1117): Illuminate/Console/Command->run()
#34 C:/Users/User/Desktop/WEB PROGRAMMING/Заказ/inweb-test/vendor/symfony/console/Application.php(356): Symfony/Component/Console/Application->doRunCommand()
#35 C:/Users/User/Desktop/WEB PROGRAMMING/Заказ/inweb-test/vendor/symfony/console/Application.php(195): Symfony/Component/Console/Application->doRun()
#36 C:/Users/User/Desktop/WEB PROGRAMMING/Заказ/inweb-test/vendor/laravel/framework/src/Illuminate/Foundation/Console/Kernel.php(198): Symfony/Component/Console/Application->run()
#37 C:/Users/User/Desktop/WEB PROGRAMMING/Заказ/inweb-test/vendor/laravel/framework/src/Illuminate/Foundation/Application.php(1242): Illuminate/Foundation/Console/Kernel->handle()
#38 C:/Users/User/Desktop/WEB PROGRAMMING/Заказ/inweb-test/artisan(16): Illuminate/Foundation/Application->handleCommand()
#39 {main}
"} 
[2026-09-24 04:50:20] local.ERROR: No application encryption key has been specified. {"exception":"[object] (Illuminate\\Encryption\\MissingAppKeyException(code: 0): No application encryption key has been specified. at C:/Users/User/Desktop/WEB PROGRAMMING/Orders/inweb-test/vendor/laravel/framework/src/Illuminate/Encryption/EncryptionServiceProvider.php:83)
[stacktrace]
#0 C:/Users/User/Desktop/WEB PROGRAMMING/Orders/inweb-test/vendor/laravel/framework/src/Illuminate/Support/helpers.php(393): Illuminate/Encryption/EncryptionServiceProvider->Illuminate/Encryption/{closure}()
#1 C:/Users/User/Desktop/WEB PROGRAMMING/Orders/inweb-test/vendor/laravel/framework/src/Illuminate/Encryption/EncryptionServiceProvider.php(81): tap()
#2 C:/Users/User/Desktop/WEB PROGRAMMING/Orders/inweb-test/vendor/laravel/framework/src/Illuminate/Encryption/EncryptionServiceProvider.php(64): Illuminate/Encryption/EncryptionServiceProvider->key()
#3 C:/Users/User/Desktop/WEB PROGRAMMING/Orders/inweb-test/vendor/laravel/framework/src/Illuminate/Encryption/EncryptionServiceProvider.php(32): Illuminate/Encryption/EncryptionServiceProvider->parseKey()
#4 C:/Users/User/Desktop/WEB PROGRAMMING/Orders/inweb-test/vendor/laravel/framework/src/Illuminate/Container/Container.php(1140): Illuminate/Encryption/EncryptionServiceProvider->Illuminate/Encryption/{closure}()
#5 C:/Users/User/Desktop/WEB PROGRAMMING/Orders/inweb-test/vendor/laravel/framework/src/Illuminate/Container/Container.php(939): Illuminate/Container/Container->build()
#6 C:/Users/User/Desktop/WEB PROGRAMMING/Orders/inweb-test/vendor/laravel/framework/src/Illuminate/Foundation/Application.php(1085): Illuminate/Container/Container->resolve()
#7 C:/Users/User/Desktop/WEB PROGRAMMING/Orders/inweb-test/vendor/laravel/framework/src/Illuminate/Container/Container.php(867): Illuminate/Foundation/Application->resolve()
#8 C:/Users/User/Desktop/WEB PROGRAMMING/Orders/inweb-test/vendor/laravel/framework/src/Illuminate/Foundation/Application.php(1065): Illuminate/Container/Container->make()
#9 C:/Users/User/Desktop/WEB PROGRAMMING/Orders/inweb-test/vendor/laravel/framework/src/Illuminate/Container/Container.php(1363): Illuminate/Foundation/Application->make()
#10 C:/Users/User/Desktop/WEB PROGRAMMING/Orders/inweb-test/vendor/laravel/framework/src/Illuminate/Container/Container.php(1264): Illuminate/Container/Container->resolveClass()
#11 C:/Users/User/Desktop/WEB PROGRAMMING/Orders/inweb-test/vendor/laravel/framework/src/Illuminate/Container/Container.php(1187): Illuminate/Container/Container->resolveDependencies()
#12 C:/Users/User/Desktop/WEB PROGRAMMING/Orders/inweb-test/vendor/laravel/framework/src/Illuminate/Container/Container.php(939): Illuminate/Container/Container->build()
#13 C:/Users/User/Desktop/WEB PROGRAMMING/Orders/inweb-test/vendor/laravel/framework/src/Illuminate/Foundation/Application.php(1085): Illuminate/Container/Container->resolve()
#14 C:/Users/User/Desktop/WEB PROGRAMMING/Orders/inweb-test/vendor/laravel/framework/src/Illuminate/Container/Container.php(867): Illuminate/Foundation/Application->resolve()
#15 C:/Users/User/Desktop/WEB PROGRAMMING/Orders/inweb-test/vendor/laravel/framework/src/Illuminate/Foundation/Application.php(1065): Illuminate/Container/Container->make()
#16 C:/Users/User/Desktop/WEB PROGRAMMING/Orders/inweb-test/vendor/laravel/framework/src/Illuminate/Pipeline/Pipeline.php(208): Illuminate/Foundation/Application->make()
#17 C:/Users/User/Desktop/WEB PROGRAMMING/Orders/inweb-test/vendor/laravel/framework/src/Illuminate/Pipeline/Pipeline.php(137): Illuminate/Pipeline/Pipeline->Illuminate/Pipeline/{closure}()
#18 C:/Users/User/Desktop/WEB PROGRAMMING/Orders/inweb-test/vendor/laravel/framework/src/Illuminate/Routing/Router.php(821): Illuminate/Pipeline/Pipeline->then()
#19 C:/Users/User/Desktop/WEB PROGRAMMING/Orders/inweb-test/vendor/laravel/framework/src/Illuminate/Routing/Router.php(800): Illuminate/Routing/Router->runRouteWithinStack()
#20 C:/Users/User/Desktop/WEB PROGRAMMING/Orders/inweb-test/vendor/laravel/framework/src/Illuminate/Routing/Router.php(764): Illuminate/Routing/Router->runRoute()
#21 C:/Users/User/Desktop/WEB PROGRAMMING/Orders/inweb-test/vendor/laravel/framework/src/Illuminate/Routing/Router.php(753): Illuminate/Routing/Router->dispatchToRoute()
#22 C:/Users/User/Desktop/WEB PROGRAMMING/Orders/inweb-test/vendor/laravel/framework/src/Illuminate/Foundation/Http/Kernel.php(200): Illuminate/Routing/Router->dispatch()
#23 C:/Users/User/Desktop/WEB PROGRAMMING/Orders/inweb-test/vendor/laravel/framework/src/Illuminate/Pipeline/Pipeline.php(180): Illuminate/Foundation/Http/Kernel->Illuminate/Foundation/Http/{closure}()
#24 C:/Users/User/Desktop/WEB PROGRAMMING/Orders/inweb-test/vendor/livewire/livewire/src/Features/SupportDisablingBackButtonCache/DisableBackButtonCacheMiddleware.php(19): Illuminate/Pipeline/Pipeline->Illuminate/Pipeline/{closure}()
#25 C:/Users/User/Desktop/WEB PROGRAMMING/Orders/inweb-test/vendor/laravel/framework/src/Illuminate/Pipeline/Pipeline.php(219): Livewire/Features/SupportDisablingBackButtonCache/DisableBackButtonCacheMiddleware->handle()
#26 C:/Users/User/Desktop/WEB PROGRAMMING/Orders/inweb-test/vendor/laravel/framework/src/Illuminate/Foundation/Http/Middleware/TransformsRequest.php(21): Illuminate/Pipeline/Pipeline->Illuminate/Pipeline/{closure}()
#27 C:/Users/User/Desktop/WEB PROGRAMMING/Orders/inweb-test/vendor/laravel/framework/src/Illuminate/Foundation/Http/Middleware/ConvertEmptyStringsToNull.php(31): Illuminate/Foundation/Http/Middleware/TransformsRequest->handle()
#28 C:/Users/User/Desktop/WEB PROGRAMMING/Orders/inweb-test/vendor/laravel/framework/src/Illuminate/Pipeline/Pipeline.php(219): Illuminate/Foundation/Http/Middleware/ConvertEmptyStringsToNull->handle()
#29 C:/Users/User/Desktop/WEB PROGRAMMING/Orders/inweb-test/vendor/laravel/framework/src/Illuminate/Foundation/Http/Middleware/TransformsRequest.php(21): Illuminate/Pipeline/Pipeline->Illuminate/Pipeline/{closure}()
#30 C:/Users/User/Desktop/WEB PROGRAMMING/Orders/inweb-test/vendor/laravel/framework/src/Illuminate/Foundation/Http/Middleware/TrimStrings.php(51): Illuminate/Foundation/Http/Middleware/TransformsRequest->handle()
#31 C:/Users/User/Desktop/WEB PROGRAMMING/Orders/inweb-test/vendor/laravel/framework/src/Illuminate/Pipeline/Pipeline.php(219): Illuminate/Foundation/Http/Middleware/TrimStrings->handle()
#32 C:/Users/User/Desktop/WEB PROGRAMMING/Orders/inweb-test/vendor/laravel/framework/src/Illuminate/Http/Middleware/ValidatePostSize.php(27): Illuminate/Pipeline/Pipeline->Illuminate/Pipeline/{closure}()
#33 C:/Users/User/Desktop/WEB PROGRAMMING/Orders/inweb-test/vendor/laravel/framework/src/Illuminate/Pipeline/Pipeline.php(219): Illuminate/Http/Middleware/ValidatePostSize->handle()
#34 C:/Users/User/Desktop/WEB PROGRAMMING/Orders/inweb-test/vendor/laravel/framework/src/Illuminate/Foundation/Http/Middleware/PreventRequestsDuringMaintenance.php(110): Illuminate/Pipeline/Pipeline->Illuminate/Pipeline/{closure}()
#35 C:/Users/User/Desktop/WEB PROGRAMMING/Orders/inweb-test/vendor/laravel/framework/src/Illuminate/Pipeline/Pipeline.php(219): Illuminate/Foundation/Http/Middleware/PreventRequestsDuringMaintenance->handle()
#36 C:/Users/User/Desktop/WEB PROGRAMMING/Orders/inweb-test/vendor/laravel/framework/src/Illuminate/Http/Middleware/HandleCors.php(61): Illuminate/Pipeline/Pipeline->Illuminate/Pipeline/{closure}()
#37 C:/Users/User/Desktop/WEB PROGRAMMING/Orders/inweb-test/vendor/laravel/framework/src/Illuminate/Pipeline/Pipeline.php(219): Illuminate/Http/Middleware/HandleCors->handle()
#38 C:/Users/User/Desktop/WEB PROGRAMMING/Orders/inweb-test/vendor/laravel/framework/src/Illuminate/Http/Middleware/TrustProxies.php(58): Illuminate/Pipeline/Pipeline->Illuminate/Pipeline/{closure}()
#39 C:/Users/User/Desktop/WEB PROGRAMMING/Orders/inweb-test/vendor/laravel/framework/src/Illuminate/Pipeline/Pipeline.php(219): Illuminate/Http/Middleware/TrustProxies->handle()
#40 C:/Users/User/Desktop/WEB PROGRAMMING/Orders/inweb-test/vendor/laravel/framework/src/Illuminate/Foundation/Http/Middleware/InvokeDeferredCallbacks.php(22): Illuminate/Pipeline/Pipeline->Illuminate/Pipeline/{closure}()
#41 C:/Users/User/Desktop/WEB PROGRAMMING/Orders/inweb-test/vendor/laravel/framework/src/Illuminate/Pipeline/Pipeline.php(219): Illuminate/Foundation/Http/Middleware/InvokeDeferredCallbacks->handle()
#42 C:/Users/User/Desktop/WEB PROGRAMMING/Orders/inweb-test/vendor/laravel/framework/src/Illuminate/Http/Middleware/ValidatePathEncoding.php(28): Illuminate/Pipeline/Pipeline->Illuminate/Pipeline/{closure}()
#43 C:/Users/User/Desktop/WEB PROGRAMMING/Orders/inweb-test/vendor/laravel/framework/src/Illuminate/Pipeline/Pipeline.php(219): Illuminate/Http/Middleware/ValidatePathEncoding->handle()
#44 C:/Users/User/Desktop/WEB PROGRAMMING/Orders/inweb-test/vendor/laravel/framework/src/Illuminate/Pipeline/Pipeline.php(137): Illuminate/Pipeline/Pipeline->Illuminate/Pipeline/{closure}()
#45 C:/Users/User/Desktop/WEB PROGRAMMING/Orders/inweb-test/vendor/laravel/framework/src/Illuminate/Foundation/Http/Kernel.php(175): Illuminate/Pipeline/Pipeline->then()
#46 C:/Users/User/Desktop/WEB PROGRAMMING/Orders/inweb-test/vendor/laravel/framework/src/Illuminate/Foundation/Http/Kernel.php(144): Illuminate/Foundation/Http/Kernel->sendRequestThroughRouter()
#47 C:/Users/User/Desktop/WEB PROGRAMMING/Orders/inweb-test/vendor/laravel/framework/src/Illuminate/Foundation/Application.php(1227): Illuminate/Foundation/Http/Kernel->handle()
#48 C:/Users/User/Desktop/WEB PROGRAMMING/Orders/inweb-test/public/index.php(20): Illuminate/Foundation/Application->handleRequest()
#49 C:/Users/User/Desktop/WEB PROGRAMMING/Orders/inweb-test/vendor/laravel/framework/src/Illuminate/Foundation/resources/server.php(23): require_once('...')
#50 {main}
"} 
[2026-09-24 04:50:21] local.ERROR: No application encryption key has been specified. {"exception":"[object] (Illuminate\\Encryption\\MissingAppKeyException(code: 0): No application encryption key has been specified. at C:/Users/User/Desktop/WEB PROGRAMMING/Orders/inweb-test/vendor/laravel/framework/src/Illuminate/Encryption/EncryptionServiceProvider.php:83)
[stacktrace]
#0 C:/Users/User/Desktop/WEB PROGRAMMING/Orders/inweb-test/vendor/laravel/framework/src/Illuminate/Support/helpers.php(393): Illuminate/Encryption/EncryptionServiceProvider->Illuminate/Encryption/{closure}()
#1 C:/Users/User/Desktop/WEB PROGRAMMING/Orders/inweb-test/vendor/laravel/framework/src/Illuminate/Encryption/EncryptionServiceProvider.php(81): tap()
#2 C:/Users/User/Desktop/WEB PROGRAMMING/Orders/inweb-test/vendor/laravel/framework/src/Illuminate/Encryption/EncryptionServiceProvider.php(64): Illuminate/Encryption/EncryptionServiceProvider->key()
#3 C:/Users/User/Desktop/WEB PROGRAMMING/Orders/inweb-test/vendor/laravel/framework/src/Illuminate/Encryption/EncryptionServiceProvider.php(32): Illuminate/Encryption/EncryptionServiceProvider->parseKey()
#4 C:/Users/User/Desktop/WEB PROGRAMMING/Orders/inweb-test/vendor/laravel/framework/src/Illuminate/Container/Container.php(1140): Illuminate/Encryption/EncryptionServiceProvider->Illuminate/Encryption/{closure}()
#5 C:/Users/User/Desktop/WEB PROGRAMMING/Orders/inweb-test/vendor/laravel/framework/src/Illuminate/Container/Container.php(939): Illuminate/Container/Container->build()
#6 C:/Users/User/Desktop/WEB PROGRAMMING/Orders/inweb-test/vendor/laravel/framework/src/Illuminate/Foundation/Application.php(1085): Illuminate/Container/Container->resolve()
#7 C:/Users/User/Desktop/WEB PROGRAMMING/Orders/inweb-test/vendor/laravel/framework/src/Illuminate/Container/Container.php(867): Illuminate/Foundation/Application->resolve()
#8 C:/Users/User/Desktop/WEB PROGRAMMING/Orders/inweb-test/vendor/laravel/framework/src/Illuminate/Foundation/Application.php(1065): Illuminate/Container/Container->make()
#9 C:/Users/User/Desktop/WEB PROGRAMMING/Orders/inweb-test/vendor/laravel/framework/src/Illuminate/Container/Container.php(1363): Illuminate/Foundation/Application->make()
#10 C:/Users/User/Desktop/WEB PROGRAMMING/Orders/inweb-test/vendor/laravel/framework/src/Illuminate/Container/Container.php(1264): Illuminate/Container/Container->resolveClass()
#11 C:/Users/User/Desktop/WEB PROGRAMMING/Orders/inweb-test/vendor/laravel/framework/src/Illuminate/Container/Container.php(1187): Illuminate/Container/Container->resolveDependencies()
#12 C:/Users/User/Desktop/WEB PROGRAMMING/Orders/inweb-test/vendor/laravel/framework/src/Illuminate/Container/Container.php(939): Illuminate/Container/Container->build()
#13 C:/Users/User/Desktop/WEB PROGRAMMING/Orders/inweb-test/vendor/laravel/framework/src/Illuminate/Foundation/Application.php(1085): Illuminate/Container/Container->resolve()
#14 C:/Users/User/Desktop/WEB PROGRAMMING/Orders/inweb-test/vendor/laravel/framework/src/Illuminate/Container/Container.php(867): Illuminate/Foundation/Application->resolve()
#15 C:/Users/User/Desktop/WEB PROGRAMMING/Orders/inweb-test/vendor/laravel/framework/src/Illuminate/Foundation/Application.php(1065): Illuminate/Container/Container->make()
#16 C:/Users/User/Desktop/WEB PROGRAMMING/Orders/inweb-test/vendor/laravel/framework/src/Illuminate/Foundation/Http/Kernel.php(257): Illuminate/Foundation/Application->make()
#17 C:/Users/User/Desktop/WEB PROGRAMMING/Orders/inweb-test/vendor/laravel/framework/src/Illuminate/Foundation/Http/Kernel.php(215): Illuminate/Foundation/Http/Kernel->terminateMiddleware()
#18 C:/Users/User/Desktop/WEB PROGRAMMING/Orders/inweb-test/vendor/laravel/framework/src/Illuminate/Foundation/Application.php(1229): Illuminate/Foundation/Http/Kernel->terminate()
#19 C:/Users/User/Desktop/WEB PROGRAMMING/Orders/inweb-test/public/index.php(20): Illuminate/Foundation/Application->handleRequest()
#20 C:/Users/User/Desktop/WEB PROGRAMMING/Orders/inweb-test/vendor/laravel/framework/src/Illuminate/Foundation/resources/server.php(23): require_once('...')
#21 {main}
"} 
[2026-09-24 08:08:08] local.ERROR: Target class [App\Http\Controllers\HomeController] does not exist. {"exception":"[object] (Illuminate\\Contracts\\Container\\BindingResolutionException(code: 0): Target class [App\\Http\\Controllers\\HomeController] does not exist. at C:/Users/User/Desktop/WEB PROGRAMMING/Orders/inweb-test/vendor/laravel/framework/src/Illuminate/Container/Container.php:1149)
[stacktrace]
#0 C:/Users/User/Desktop/WEB PROGRAMMING/Orders/inweb-test/vendor/laravel/framework/src/Illuminate/Container/Container.php(939): Illuminate/Container/Container->build()
#1 C:/Users/User/Desktop/WEB PROGRAMMING/Orders/inweb-test/vendor/laravel/framework/src/Illuminate/Foundation/Application.php(1085): Illuminate/Container/Container->resolve()
#2 C:/Users/User/Desktop/WEB PROGRAMMING/Orders/inweb-test/vendor/laravel/framework/src/Illuminate/Container/Container.php(867): Illuminate/Foundation/Application->resolve()
#3 C:/Users/User/Desktop/WEB PROGRAMMING/Orders/inweb-test/vendor/laravel/framework/src/Illuminate/Foundation/Application.php(1065): Illuminate/Container/Container->make()
#4 C:/Users/User/Desktop/WEB PROGRAMMING/Orders/inweb-test/vendor/laravel/framework/src/Illuminate/Routing/Route.php(297): Illuminate/Foundation/Application->make()
#5 C:/Users/User/Desktop/WEB PROGRAMMING/Orders/inweb-test/vendor/laravel/framework/src/Illuminate/Routing/Route.php(277): Illuminate/Routing/Route->getController()
#6 C:/Users/User/Desktop/WEB PROGRAMMING/Orders/inweb-test/vendor/laravel/framework/src/Illuminate/Routing/Route.php(216): Illuminate/Routing/Route->runController()
#7 C:/Users/User/Desktop/WEB PROGRAMMING/Orders/inweb-test/vendor/laravel/framework/src/Illuminate/Routing/Router.php(822): Illuminate/Routing/Route->run()
#8 C:/Users/User/Desktop/WEB PROGRAMMING/Orders/inweb-test/vendor/laravel/framework/src/Illuminate/Pipeline/Pipeline.php(180): Illuminate/Routing/Router->Illuminate/Routing/{closure}()
#9 C:/Users/User/Desktop/WEB PROGRAMMING/Orders/inweb-test/vendor/laravel/framework/src/Illuminate/Routing/Middleware/SubstituteBindings.php(52): Illuminate/Pipeline/Pipeline->Illuminate/Pipeline/{closure}()
#10 C:/Users/User/Desktop/WEB PROGRAMMING/Orders/inweb-test/vendor/laravel/framework/src/Illuminate/Pipeline/Pipeline.php(219): Illuminate/Routing/Middleware/SubstituteBindings->handle()
#11 C:/Users/User/Desktop/WEB PROGRAMMING/Orders/inweb-test/vendor/laravel/framework/src/Illuminate/Foundation/Http/Middleware/PreventRequestForgery.php(104): Illuminate/Pipeline/Pipeline->Illuminate/Pipeline/{closure}()
#12 C:/Users/User/Desktop/WEB PROGRAMMING/Orders/inweb-test/vendor/laravel/framework/src/Illuminate/Pipeline/Pipeline.php(219): Illuminate/Foundation/Http/Middleware/PreventRequestForgery->handle()
#13 C:/Users/User/Desktop/WEB PROGRAMMING/Orders/inweb-test/vendor/laravel/framework/src/Illuminate/View/Middleware/ShareErrorsFromSession.php(48): Illuminate/Pipeline/Pipeline->Illuminate/Pipeline/{closure}()
#14 C:/Users/User/Desktop/WEB PROGRAMMING/Orders/inweb-test/vendor/laravel/framework/src/Illuminate/Pipeline/Pipeline.php(219): Illuminate/View/Middleware/ShareErrorsFromSession->handle()
#15 C:/Users/User/Desktop/WEB PROGRAMMING/Orders/inweb-test/vendor/laravel/framework/src/Illuminate/Session/Middleware/StartSession.php(120): Illuminate/Pipeline/Pipeline->Illuminate/Pipeline/{closure}()
#16 C:/Users/User/Desktop/WEB PROGRAMMING/Orders/inweb-test/vendor/laravel/framework/src/Illuminate/Session/Middleware/StartSession.php(63): Illuminate/Session/Middleware/StartSession->handleStatefulRequest()
#17 C:/Users/User/Desktop/WEB PROGRAMMING/Orders/inweb-test/vendor/laravel/framework/src/Illuminate/Pipeline/Pipeline.php(219): Illuminate/Session/Middleware/StartSession->handle()
#18 C:/Users/User/Desktop/WEB PROGRAMMING/Orders/inweb-test/vendor/laravel/framework/src/Illuminate/Cookie/Middleware/AddQueuedCookiesToResponse.php(36): Illuminate/Pipeline/Pipeline->Illuminate/Pipeline/{closure}()
#19 C:/Users/User/Desktop/WEB PROGRAMMING/Orders/inweb-test/vendor/laravel/framework/src/Illuminate/Pipeline/Pipeline.php(219): Illuminate/Cookie/Middleware/AddQueuedCookiesToResponse->handle()
#20 C:/Users/User/Desktop/WEB PROGRAMMING/Orders/inweb-test/vendor/laravel/framework/src/Illuminate/Cookie/Middleware/EncryptCookies.php(74): Illuminate/Pipeline/Pipeline->Illuminate/Pipeline/{closure}()
#21 C:/Users/User/Desktop/WEB PROGRAMMING/Orders/inweb-test/vendor/laravel/framework/src/Illuminate/Pipeline/Pipeline.php(219): Illuminate/Cookie/Middleware/EncryptCookies->handle()
#22 C:/Users/User/Desktop/WEB PROGRAMMING/Orders/inweb-test/vendor/laravel/framework/src/Illuminate/Pipeline/Pipeline.php(137): Illuminate/Pipeline/Pipeline->Illuminate/Pipeline/{closure}()
#23 C:/Users/User/Desktop/WEB PROGRAMMING/Orders/inweb-test/vendor/laravel/framework/src/Illuminate/Routing/Router.php(821): Illuminate/Pipeline/Pipeline->then()
#24 C:/Users/User/Desktop/WEB PROGRAMMING/Orders/inweb-test/vendor/laravel/framework/src/Illuminate/Routing/Router.php(800): Illuminate/Routing/Router->runRouteWithinStack()
#25 C:/Users/User/Desktop/WEB PROGRAMMING/Orders/inweb-test/vendor/laravel/framework/src/Illuminate/Routing/Router.php(764): Illuminate/Routing/Router->runRoute()
#26 C:/Users/User/Desktop/WEB PROGRAMMING/Orders/inweb-test/vendor/laravel/framework/src/Illuminate/Routing/Router.php(753): Illuminate/Routing/Router->dispatchToRoute()
#27 C:/Users/User/Desktop/WEB PROGRAMMING/Orders/inweb-test/vendor/laravel/framework/src/Illuminate/Foundation/Http/Kernel.php(200): Illuminate/Routing/Router->dispatch()
#28 C:/Users/User/Desktop/WEB PROGRAMMING/Orders/inweb-test/vendor/laravel/framework/src/Illuminate/Pipeline/Pipeline.php(180): Illuminate/Foundation/Http/Kernel->Illuminate/Foundation/Http/{closure}()
#29 C:/Users/User/Desktop/WEB PROGRAMMING/Orders/inweb-test/vendor/livewire/livewire/src/Features/SupportDisablingBackButtonCache/DisableBackButtonCacheMiddleware.php(19): Illuminate/Pipeline/Pipeline->Illuminate/Pipeline/{closure}()
#30 C:/Users/User/Desktop/WEB PROGRAMMING/Orders/inweb-test/vendor/laravel/framework/src/Illuminate/Pipeline/Pipeline.php(219): Livewire/Features/SupportDisablingBackButtonCache/DisableBackButtonCacheMiddleware->handle()
#31 C:/Users/User/Desktop/WEB PROGRAMMING/Orders/inweb-test/vendor/laravel/framework/src/Illuminate/Foundation/Http/Middleware/TransformsRequest.php(21): Illuminate/Pipeline/Pipeline->Illuminate/Pipeline/{closure}()
#32 C:/Users/User/Desktop/WEB PROGRAMMING/Orders/inweb-test/vendor/laravel/framework/src/Illuminate/Foundation/Http/Middleware/ConvertEmptyStringsToNull.php(31): Illuminate/Foundation/Http/Middleware/TransformsRequest->handle()
#33 C:/Users/User/Desktop/WEB PROGRAMMING/Orders/inweb-test/vendor/laravel/framework/src/Illuminate/Pipeline/Pipeline.php(219): Illuminate/Foundation/Http/Middleware/ConvertEmptyStringsToNull->handle()
#34 C:/Users/User/Desktop/WEB PROGRAMMING/Orders/inweb-test/vendor/laravel/framework/src/Illuminate/Foundation/Http/Middleware/TransformsRequest.php(21): Illuminate/Pipeline/Pipeline->Illuminate/Pipeline/{closure}()
#35 C:/Users/User/Desktop/WEB PROGRAMMING/Orders/inweb-test/vendor/laravel/framework/src/Illuminate/Foundation/Http/Middleware/TrimStrings.php(51): Illuminate/Foundation/Http/Middleware/TransformsRequest->handle()
#36 C:/Users/User/Desktop/WEB PROGRAMMING/Orders/inweb-test/vendor/laravel/framework/src/Illuminate/Pipeline/Pipeline.php(219): Illuminate/Foundation/Http/Middleware/TrimStrings->handle()
#37 C:/Users/User/Desktop/WEB PROGRAMMING/Orders/inweb-test/vendor/laravel/framework/src/Illuminate/Http/Middleware/ValidatePostSize.php(27): Illuminate/Pipeline/Pipeline->Illuminate/Pipeline/{closure}()
#38 C:/Users/User/Desktop/WEB PROGRAMMING/Orders/inweb-test/vendor/laravel/framework/src/Illuminate/Pipeline/Pipeline.php(219): Illuminate/Http/Middleware/ValidatePostSize->handle()
#39 C:/Users/User/Desktop/WEB PROGRAMMING/Orders/inweb-test/vendor/laravel/framework/src/Illuminate/Foundation/Http/Middleware/PreventRequestsDuringMaintenance.php(110): Illuminate/Pipeline/Pipeline->Illuminate/Pipeline/{closure}()
#40 C:/Users/User/Desktop/WEB PROGRAMMING/Orders/inweb-test/vendor/laravel/framework/src/Illuminate/Pipeline/Pipeline.php(219): Illuminate/Foundation/Http/Middleware/PreventRequestsDuringMaintenance->handle()
#41 C:/Users/User/Desktop/WEB PROGRAMMING/Orders/inweb-test/vendor/laravel/framework/src/Illuminate/Http/Middleware/HandleCors.php(61): Illuminate/Pipeline/Pipeline->Illuminate/Pipeline/{closure}()
#42 C:/Users/User/Desktop/WEB PROGRAMMING/Orders/inweb-test/vendor/laravel/framework/src/Illuminate/Pipeline/Pipeline.php(219): Illuminate/Http/Middleware/HandleCors->handle()
#43 C:/Users/User/Desktop/WEB PROGRAMMING/Orders/inweb-test/vendor/laravel/framework/src/Illuminate/Http/Middleware/TrustProxies.php(58): Illuminate/Pipeline/Pipeline->Illuminate/Pipeline/{closure}()
#44 C:/Users/User/Desktop/WEB PROGRAMMING/Orders/inweb-test/vendor/laravel/framework/src/Illuminate/Pipeline/Pipeline.php(219): Illuminate/Http/Middleware/TrustProxies->handle()
#45 C:/Users/User/Desktop/WEB PROGRAMMING/Orders/inweb-test/vendor/laravel/framework/src/Illuminate/Foundation/Http/Middleware/InvokeDeferredCallbacks.php(22): Illuminate/Pipeline/Pipeline->Illuminate/Pipeline/{closure}()
#46 C:/Users/User/Desktop/WEB PROGRAMMING/Orders/inweb-test/vendor/laravel/framework/src/Illuminate/Pipeline/Pipeline.php(219): Illuminate/Foundation/Http/Middleware/InvokeDeferredCallbacks->handle()
#47 C:/Users/User/Desktop/WEB PROGRAMMING/Orders/inweb-test/vendor/laravel/framework/src/Illuminate/Http/Middleware/ValidatePathEncoding.php(28): Illuminate/Pipeline/Pipeline->Illuminate/Pipeline/{closure}()
#48 C:/Users/User/Desktop/WEB PROGRAMMING/Orders/inweb-test/vendor/laravel/framework/src/Illuminate/Pipeline/Pipeline.php(219): Illuminate/Http/Middleware/ValidatePathEncoding->handle()
#49 C:/Users/User/Desktop/WEB PROGRAMMING/Orders/inweb-test/vendor/laravel/framework/src/Illuminate/Pipeline/Pipeline.php(137): Illuminate/Pipeline/Pipeline->Illuminate/Pipeline/{closure}()
#50 C:/Users/User/Desktop/WEB PROGRAMMING/Orders/inweb-test/vendor/laravel/framework/src/Illuminate/Foundation/Http/Kernel.php(175): Illuminate/Pipeline/Pipeline->then()
#51 C:/Users/User/Desktop/WEB PROGRAMMING/Orders/inweb-test/vendor/laravel/framework/src/Illuminate/Foundation/Http/Kernel.php(144): Illuminate/Foundation/Http/Kernel->sendRequestThroughRouter()
#52 C:/Users/User/Desktop/WEB PROGRAMMING/Orders/inweb-test/vendor/laravel/framework/src/Illuminate/Foundation/Application.php(1227): Illuminate/Foundation/Http/Kernel->handle()
#53 C:/Users/User/Desktop/WEB PROGRAMMING/Orders/inweb-test/public/index.php(20): Illuminate/Foundation/Application->handleRequest()
#54 C:/Users/User/Desktop/WEB PROGRAMMING/Orders/inweb-test/vendor/laravel/framework/src/Illuminate/Foundation/resources/server.php(23): require_once('...')
#55 {main}

[previous exception] [object] (ReflectionException(code: -1): Class \"App\\Http\\Controllers\\HomeController\" does not exist at C:/Users/User/Desktop/WEB PROGRAMMING/Orders/inweb-test/vendor/laravel/framework/src/Illuminate/Container/Container.php:1147)
[stacktrace]
#0 C:/Users/User/Desktop/WEB PROGRAMMING/Orders/inweb-test/vendor/laravel/framework/src/Illuminate/Container/Container.php(1147): ReflectionClass->__construct()
#1 C:/Users/User/Desktop/WEB PROGRAMMING/Orders/inweb-test/vendor/laravel/framework/src/Illuminate/Container/Container.php(939): Illuminate/Container/Container->build()
#2 C:/Users/User/Desktop/WEB PROGRAMMING/Orders/inweb-test/vendor/laravel/framework/src/Illuminate/Foundation/Application.php(1085): Illuminate/Container/Container->resolve()
#3 C:/Users/User/Desktop/WEB PROGRAMMING/Orders/inweb-test/vendor/laravel/framework/src/Illuminate/Container/Container.php(867): Illuminate/Foundation/Application->resolve()
#4 C:/Users/User/Desktop/WEB PROGRAMMING/Orders/inweb-test/vendor/laravel/framework/src/Illuminate/Foundation/Application.php(1065): Illuminate/Container/Container->make()
#5 C:/Users/User/Desktop/WEB PROGRAMMING/Orders/inweb-test/vendor/laravel/framework/src/Illuminate/Routing/Route.php(297): Illuminate/Foundation/Application->make()
#6 C:/Users/User/Desktop/WEB PROGRAMMING/Orders/inweb-test/vendor/laravel/framework/src/Illuminate/Routing/Route.php(277): Illuminate/Routing/Route->getController()
#7 C:/Users/User/Desktop/WEB PROGRAMMING/Orders/inweb-test/vendor/laravel/framework/src/Illuminate/Routing/Route.php(216): Illuminate/Routing/Route->runController()
#8 C:/Users/User/Desktop/WEB PROGRAMMING/Orders/inweb-test/vendor/laravel/framework/src/Illuminate/Routing/Router.php(822): Illuminate/Routing/Route->run()
#9 C:/Users/User/Desktop/WEB PROGRAMMING/Orders/inweb-test/vendor/laravel/framework/src/Illuminate/Pipeline/Pipeline.php(180): Illuminate/Routing/Router->Illuminate/Routing/{closure}()
#10 C:/Users/User/Desktop/WEB PROGRAMMING/Orders/inweb-test/vendor/laravel/framework/src/Illuminate/Routing/Middleware/SubstituteBindings.php(52): Illuminate/Pipeline/Pipeline->Illuminate/Pipeline/{closure}()
#11 C:/Users/User/Desktop/WEB PROGRAMMING/Orders/inweb-test/vendor/laravel/framework/src/Illuminate/Pipeline/Pipeline.php(219): Illuminate/Routing/Middleware/SubstituteBindings->handle()
#12 C:/Users/User/Desktop/WEB PROGRAMMING/Orders/inweb-test/vendor/laravel/framework/src/Illuminate/Foundation/Http/Middleware/PreventRequestForgery.php(104): Illuminate/Pipeline/Pipeline->Illuminate/Pipeline/{closure}()
#13 C:/Users/User/Desktop/WEB PROGRAMMING/Orders/inweb-test/vendor/laravel/framework/src/Illuminate/Pipeline/Pipeline.php(219): Illuminate/Foundation/Http/Middleware/PreventRequestForgery->handle()
#14 C:/Users/User/Desktop/WEB PROGRAMMING/Orders/inweb-test/vendor/laravel/framework/src/Illuminate/View/Middleware/ShareErrorsFromSession.php(48): Illuminate/Pipeline/Pipeline->Illuminate/Pipeline/{closure}()
#15 C:/Users/User/Desktop/WEB PROGRAMMING/Orders/inweb-test/vendor/laravel/framework/src/Illuminate/Pipeline/Pipeline.php(219): Illuminate/View/Middleware/ShareErrorsFromSession->handle()
#16 C:/Users/User/Desktop/WEB PROGRAMMING/Orders/inweb-test/vendor/laravel/framework/src/Illuminate/Session/Middleware/StartSession.php(120): Illuminate/Pipeline/Pipeline->Illuminate/Pipeline/{closure}()
#17 C:/Users/User/Desktop/WEB PROGRAMMING/Orders/inweb-test/vendor/laravel/framework/src/Illuminate/Session/Middleware/StartSession.php(63): Illuminate/Session/Middleware/StartSession->handleStatefulRequest()
#18 C:/Users/User/Desktop/WEB PROGRAMMING/Orders/inweb-test/vendor/laravel/framework/src/Illuminate/Pipeline/Pipeline.php(219): Illuminate/Session/Middleware/StartSession->handle()
#19 C:/Users/User/Desktop/WEB PROGRAMMING/Orders/inweb-test/vendor/laravel/framework/src/Illuminate/Cookie/Middleware/AddQueuedCookiesToResponse.php(36): Illuminate/Pipeline/Pipeline->Illuminate/Pipeline/{closure}()
#20 C:/Users/User/Desktop/WEB PROGRAMMING/Orders/inweb-test/vendor/laravel/framework/src/Illuminate/Pipeline/Pipeline.php(219): Illuminate/Cookie/Middleware/AddQueuedCookiesToResponse->handle()
#21 C:/Users/User/Desktop/WEB PROGRAMMING/Orders/inweb-test/vendor/laravel/framework/src/Illuminate/Cookie/Middleware/EncryptCookies.php(74): Illuminate/Pipeline/Pipeline->Illuminate/Pipeline/{closure}()
#22 C:/Users/User/Desktop/WEB PROGRAMMING/Orders/inweb-test/vendor/laravel/framework/src/Illuminate/Pipeline/Pipeline.php(219): Illuminate/Cookie/Middleware/EncryptCookies->handle()
#23 C:/Users/User/Desktop/WEB PROGRAMMING/Orders/inweb-test/vendor/laravel/framework/src/Illuminate/Pipeline/Pipeline.php(137): Illuminate/Pipeline/Pipeline->Illuminate/Pipeline/{closure}()
#24 C:/Users/User/Desktop/WEB PROGRAMMING/Orders/inweb-test/vendor/laravel/framework/src/Illuminate/Routing/Router.php(821): Illuminate/Pipeline/Pipeline->then()
#25 C:/Users/User/Desktop/WEB PROGRAMMING/Orders/inweb-test/vendor/laravel/framework/src/Illuminate/Routing/Router.php(800): Illuminate/Routing/Router->runRouteWithinStack()
#26 C:/Users/User/Desktop/WEB PROGRAMMING/Orders/inweb-test/vendor/laravel/framework/src/Illuminate/Routing/Router.php(764): Illuminate/Routing/Router->runRoute()
#27 C:/Users/User/Desktop/WEB PROGRAMMING/Orders/inweb-test/vendor/laravel/framework/src/Illuminate/Routing/Router.php(753): Illuminate/Routing/Router->dispatchToRoute()
#28 C:/Users/User/Desktop/WEB PROGRAMMING/Orders/inweb-test/vendor/laravel/framework/src/Illuminate/Foundation/Http/Kernel.php(200): Illuminate/Routing/Router->dispatch()
#29 C:/Users/User/Desktop/WEB PROGRAMMING/Orders/inweb-test/vendor/laravel/framework/src/Illuminate/Pipeline/Pipeline.php(180): Illuminate/Foundation/Http/Kernel->Illuminate/Foundation/Http/{closure}()
#30 C:/Users/User/Desktop/WEB PROGRAMMING/Orders/inweb-test/vendor/livewire/livewire/src/Features/SupportDisablingBackButtonCache/DisableBackButtonCacheMiddleware.php(19): Illuminate/Pipeline/Pipeline->Illuminate/Pipeline/{closure}()
#31 C:/Users/User/Desktop/WEB PROGRAMMING/Orders/inweb-test/vendor/laravel/framework/src/Illuminate/Pipeline/Pipeline.php(219): Livewire/Features/SupportDisablingBackButtonCache/DisableBackButtonCacheMiddleware->handle()
#32 C:/Users/User/Desktop/WEB PROGRAMMING/Orders/inweb-test/vendor/laravel/framework/src/Illuminate/Foundation/Http/Middleware/TransformsRequest.php(21): Illuminate/Pipeline/Pipeline->Illuminate/Pipeline/{closure}()
#33 C:/Users/User/Desktop/WEB PROGRAMMING/Orders/inweb-test/vendor/laravel/framework/src/Illuminate/Foundation/Http/Middleware/ConvertEmptyStringsToNull.php(31): Illuminate/Foundation/Http/Middleware/TransformsRequest->handle()
#34 C:/Users/User/Desktop/WEB PROGRAMMING/Orders/inweb-test/vendor/laravel/framework/src/Illuminate/Pipeline/Pipeline.php(219): Illuminate/Foundation/Http/Middleware/ConvertEmptyStringsToNull->handle()
#35 C:/Users/User/Desktop/WEB PROGRAMMING/Orders/inweb-test/vendor/laravel/framework/src/Illuminate/Foundation/Http/Middleware/TransformsRequest.php(21): Illuminate/Pipeline/Pipeline->Illuminate/Pipeline/{closure}()
#36 C:/Users/User/Desktop/WEB PROGRAMMING/Orders/inweb-test/vendor/laravel/framework/src/Illuminate/Foundation/Http/Middleware/TrimStrings.php(51): Illuminate/Foundation/Http/Middleware/TransformsRequest->handle()
#37 C:/Users/User/Desktop/WEB PROGRAMMING/Orders/inweb-test/vendor/laravel/framework/src/Illuminate/Pipeline/Pipeline.php(219): Illuminate/Foundation/Http/Middleware/TrimStrings->handle()
#38 C:/Users/User/Desktop/WEB PROGRAMMING/Orders/inweb-test/vendor/laravel/framework/src/Illuminate/Http/Middleware/ValidatePostSize.php(27): Illuminate/Pipeline/Pipeline->Illuminate/Pipeline/{closure}()
#39 C:/Users/User/Desktop/WEB PROGRAMMING/Orders/inweb-test/vendor/laravel/framework/src/Illuminate/Pipeline/Pipeline.php(219): Illuminate/Http/Middleware/ValidatePostSize->handle()
#40 C:/Users/User/Desktop/WEB PROGRAMMING/Orders/inweb-test/vendor/laravel/framework/src/Illuminate/Foundation/Http/Middleware/PreventRequestsDuringMaintenance.php(110): Illuminate/Pipeline/Pipeline->Illuminate/Pipeline/{closure}()
#41 C:/Users/User/Desktop/WEB PROGRAMMING/Orders/inweb-test/vendor/laravel/framework/src/Illuminate/Pipeline/Pipeline.php(219): Illuminate/Foundation/Http/Middleware/PreventRequestsDuringMaintenance->handle()
#42 C:/Users/User/Desktop/WEB PROGRAMMING/Orders/inweb-test/vendor/laravel/framework/src/Illuminate/Http/Middleware/HandleCors.php(61): Illuminate/Pipeline/Pipeline->Illuminate/Pipeline/{closure}()
#43 C:/Users/User/Desktop/WEB PROGRAMMING/Orders/inweb-test/vendor/laravel/framework/src/Illuminate/Pipeline/Pipeline.php(219): Illuminate/Http/Middleware/HandleCors->handle()
#44 C:/Users/User/Desktop/WEB PROGRAMMING/Orders/inweb-test/vendor/laravel/framework/src/Illuminate/Http/Middleware/TrustProxies.php(58): Illuminate/Pipeline/Pipeline->Illuminate/Pipeline/{closure}()
#45 C:/Users/User/Desktop/WEB PROGRAMMING/Orders/inweb-test/vendor/laravel/framework/src/Illuminate/Pipeline/Pipeline.php(219): Illuminate/Http/Middleware/TrustProxies->handle()
#46 C:/Users/User/Desktop/WEB PROGRAMMING/Orders/inweb-test/vendor/laravel/framework/src/Illuminate/Foundation/Http/Middleware/InvokeDeferredCallbacks.php(22): Illuminate/Pipeline/Pipeline->Illuminate/Pipeline/{closure}()
#47 C:/Users/User/Desktop/WEB PROGRAMMING/Orders/inweb-test/vendor/laravel/framework/src/Illuminate/Pipeline/Pipeline.php(219): Illuminate/Foundation/Http/Middleware/InvokeDeferredCallbacks->handle()
#48 C:/Users/User/Desktop/WEB PROGRAMMING/Orders/inweb-test/vendor/laravel/framework/src/Illuminate/Http/Middleware/ValidatePathEncoding.php(28): Illuminate/Pipeline/Pipeline->Illuminate/Pipeline/{closure}()
#49 C:/Users/User/Desktop/WEB PROGRAMMING/Orders/inweb-test/vendor/laravel/framework/src/Illuminate/Pipeline/Pipeline.php(219): Illuminate/Http/Middleware/ValidatePathEncoding->handle()
#50 C:/Users/User/Desktop/WEB PROGRAMMING/Orders/inweb-test/vendor/laravel/framework/src/Illuminate/Pipeline/Pipeline.php(137): Illuminate/Pipeline/Pipeline->Illuminate/Pipeline/{closure}()
#51 C:/Users/User/Desktop/WEB PROGRAMMING/Orders/inweb-test/vendor/laravel/framework/src/Illuminate/Foundation/Http/Kernel.php(175): Illuminate/Pipeline/Pipeline->then()
#52 C:/Users/User/Desktop/WEB PROGRAMMING/Orders/inweb-test/vendor/laravel/framework/src/Illuminate/Foundation/Http/Kernel.php(144): Illuminate/Foundation/Http/Kernel->sendRequestThroughRouter()
#53 C:/Users/User/Desktop/WEB PROGRAMMING/Orders/inweb-test/vendor/laravel/framework/src/Illuminate/Foundation/Application.php(1227): Illuminate/Foundation/Http/Kernel->handle()
#54 C:/Users/User/Desktop/WEB PROGRAMMING/Orders/inweb-test/public/index.php(20): Illuminate/Foundation/Application->handleRequest()
#55 C:/Users/User/Desktop/WEB PROGRAMMING/Orders/inweb-test/vendor/laravel/framework/src/Illuminate/Foundation/resources/server.php(23): require_once('...')
#56 {main}
"} 
